<!doctype html>
<html>
  <head>
    <style type="text/css">
    .e { background: url(../../asset/e.png); }
    </style>

    <style type='text/css'>
    .c { background: url(../../asset/c.png); }
    </style>

    <STYLE type='text/css' data-my-key="my-value">
    .b { background: url(../../asset/b.png); }
    div { color: red }
    </style>

    <style>
    .a { background: url(../../src/a.png); }
    </style>
  </head>
  <body>
    <STYLE>
    .a { background: url(../../src/a.png); }
    </style>
  </body>
</html>
